// Jest Snapshot v1, https://jestjs.io/docs/snapshot-testing

exports[`HomePage matches snapshot 1`] = `
<div>
  <section
    class="flex flex-col"
  >
    <header
      class="grid grid-cols-[auto,1fr,auto] gap-4 items-center px-4 py-3 bg-gray-800 border-b border-gray-700 shadow-md shadow-black/30"
    >
      <svg
        aria-hidden="true"
        class="w-16 h-16"
      />
      <h1
        class="text-2xl font-extrabold tracking-tight"
      >
        Lipsync Timing Checker
      </h1>
      <button
        class="flex items-center justify-center rounded-full transition p-1 w-8 h-8 bg-gray-100 hover:bg-gray-200 text-gray-800 border border-gray-300 disabled:cursor-not-allowed disabled:opacity-50"
        title="Info"
        type="button"
      >
        <svg
          aria-hidden="true"
          class="lucide lucide-info"
          fill="none"
          height="18"
          stroke="currentColor"
          stroke-linecap="round"
          stroke-linejoin="round"
          stroke-width="2"
          viewBox="0 0 24 24"
          width="18"
          xmlns="http://www.w3.org/2000/svg"
        >
          <circle
            cx="12"
            cy="12"
            r="10"
          />
          <path
            d="M12 16v-4"
          />
          <path
            d="M12 8h.01"
          />
        </svg>
      </button>
    </header>
    <section
      class="flex flex-col md:flex-row md:justify-between items-center my-4 gap-4 rounded-md bg-gray-800 p-4 shadow"
    >
      <div
        class="flex flex-col gap-3 w-full md:w-1/2"
      >
        <div
          class="flex flex-row gap-2 items-center"
        >
          <button
            class="inline-flex items-center justify-center gap-2 rounded-sm px-4 py-2 text-sm font-medium transition disabled:cursor-not-allowed disabled:opacity-50 bg-blue-600 hover:bg-blue-700 text-white w-1/2"
            type="button"
          >
            <span>
              <svg
                aria-hidden="true"
                class="lucide lucide-file-audio"
                fill="none"
                height="24"
                stroke="currentColor"
                stroke-linecap="round"
                stroke-linejoin="round"
                stroke-width="2"
                viewBox="0 0 24 24"
                width="24"
                xmlns="http://www.w3.org/2000/svg"
              >
                <path
                  d="M17.5 22h.5a2 2 0 0 0 2-2V7l-5-5H6a2 2 0 0 0-2 2v3"
                />
                <path
                  d="M14 2v4a2 2 0 0 0 2 2h4"
                />
                <path
                  d="M2 19a2 2 0 1 1 4 0v1a2 2 0 1 1-4 0v-4a6 6 0 0 1 12 0v4a2 2 0 1 1-4 0v-1a2 2 0 1 1 4 0"
                />
              </svg>
            </span>
            <span>
              Load audio
            </span>
          </button>
          <input
            accept="audio/*"
            data-testid="file-input-audio"
            style="display: none;"
            type="file"
          />
        </div>
        <div
          class="flex flex-row gap-2 items-center"
        >
          <button
            class="inline-flex items-center justify-center gap-2 rounded-sm px-4 py-2 text-sm font-medium transition disabled:cursor-not-allowed disabled:opacity-50 bg-blue-600 hover:bg-blue-700 text-white w-1/2"
            disabled=""
            type="button"
          >
            <span>
              <svg
                aria-hidden="true"
                class="lucide lucide-file-json"
                fill="none"
                height="24"
                stroke="currentColor"
                stroke-linecap="round"
                stroke-linejoin="round"
                stroke-width="2"
                viewBox="0 0 24 24"
                width="24"
                xmlns="http://www.w3.org/2000/svg"
              >
                <path
                  d="M15 2H6a2 2 0 0 0-2 2v16a2 2 0 0 0 2 2h12a2 2 0 0 0 2-2V7Z"
                />
                <path
                  d="M14 2v4a2 2 0 0 0 2 2h4"
                />
                <path
                  d="M10 12a1 1 0 0 0-1 1v1a1 1 0 0 1-1 1 1 1 0 0 1 1 1v1a1 1 0 0 0 1 1"
                />
                <path
                  d="M14 18a1 1 0 0 0 1-1v-1a1 1 0 0 1 1-1 1 1 0 0 1-1-1v-1a1 1 0 0 0-1-1"
                />
              </svg>
            </span>
            <span>
              Load JSON data
            </span>
          </button>
          <input
            accept="application/json"
            data-testid="file-input-json"
            style="display: none;"
            type="file"
          />
        </div>
      </div>
      <div
        class="flex flex-col gap-3 w-full md:w-auto"
      >
        <button
          class="inline-flex items-center justify-center gap-2 rounded-sm px-4 py-2 text-sm font-medium transition disabled:cursor-not-allowed disabled:opacity-50 bg-gray-100 hover:bg-gray-200 text-gray-800 border border-gray-300 w-full"
          type="button"
        >
          <span>
            <svg
              aria-hidden="true"
              class="lucide lucide-rocket"
              fill="none"
              height="24"
              stroke="currentColor"
              stroke-linecap="round"
              stroke-linejoin="round"
              stroke-width="2"
              viewBox="0 0 24 24"
              width="24"
              xmlns="http://www.w3.org/2000/svg"
            >
              <path
                d="M4.5 16.5c-1.5 1.26-2 5-2 5s3.74-.5 5-2c.71-.84.7-2.13-.09-2.91a2.18 2.18 0 0 0-2.91-.09z"
              />
              <path
                d="m12 15-3-3a22 22 0 0 1 2-3.95A12.88 12.88 0 0 1 22 2c0 2.72-.78 7.5-6 11a22.35 22.35 0 0 1-4 2z"
              />
              <path
                d="M9 12H4s.55-3.03 2-4c1.62-1.08 5 0 5 0"
              />
              <path
                d="M12 15v5s3.03-.55 4-2c1.08-1.62 0-5 0-5"
              />
            </svg>
          </span>
          <span>
            Load example
          </span>
        </button>
        <button
          class="inline-flex items-center justify-center gap-2 rounded-sm px-4 py-2 text-sm font-medium transition disabled:cursor-not-allowed disabled:opacity-50 bg-red-600 hover:bg-red-700 text-white w-full"
          disabled=""
          type="button"
        >
          <span>
            <svg
              aria-hidden="true"
              class="lucide lucide-download"
              fill="none"
              height="24"
              stroke="currentColor"
              stroke-linecap="round"
              stroke-linejoin="round"
              stroke-width="2"
              viewBox="0 0 24 24"
              width="24"
              xmlns="http://www.w3.org/2000/svg"
            >
              <path
                d="M12 15V3"
              />
              <path
                d="M21 15v4a2 2 0 0 1-2 2H5a2 2 0 0 1-2-2v-4"
              />
              <path
                d="m7 10 5 5 5-5"
              />
            </svg>
          </span>
          <span>
            Download JSON data
          </span>
        </button>
      </div>
    </section>
    <section
      class="flex items-center gap-6 my-4 rounded-md bg-gray-800 p-4 shadow"
    >
      <button
        class="flex items-center justify-center rounded-full transition p-2 w-10 h-10 bg-blue-600 hover:bg-blue-700 text-white disabled:cursor-not-allowed disabled:opacity-50"
        disabled=""
        title="Play"
        type="button"
      >
        <svg
          aria-hidden="true"
          class="lucide lucide-play"
          fill="none"
          height="24"
          stroke="currentColor"
          stroke-linecap="round"
          stroke-linejoin="round"
          stroke-width="2"
          viewBox="0 0 24 24"
          width="24"
          xmlns="http://www.w3.org/2000/svg"
        >
          <polygon
            points="6 3 20 12 6 21 6 3"
          />
        </svg>
      </button>
      <div
        class="flex items-center gap-2"
      >
        <button
          class="flex items-center justify-center rounded-full transition p-2 w-10 h-10 bg-gray-100 hover:bg-gray-200 text-gray-800 border border-gray-300 disabled:cursor-not-allowed disabled:opacity-50"
          disabled=""
          title="Lock caret position"
          type="button"
        >
          <svg
            aria-hidden="true"
            class="lucide lucide-pin"
            fill="none"
            height="24"
            stroke="currentColor"
            stroke-linecap="round"
            stroke-linejoin="round"
            stroke-width="2"
            viewBox="0 0 24 24"
            width="24"
            xmlns="http://www.w3.org/2000/svg"
          >
            <path
              d="M12 17v5"
            />
            <path
              d="M9 10.76a2 2 0 0 1-1.11 1.79l-1.78.9A2 2 0 0 0 5 15.24V16a1 1 0 0 0 1 1h12a1 1 0 0 0 1-1v-.76a2 2 0 0 0-1.11-1.79l-1.78-.9A2 2 0 0 1 15 10.76V7a1 1 0 0 1 1-1 2 2 0 0 0 0-4H8a2 2 0 0 0 0 4 1 1 0 0 1 1 1z"
            />
          </svg>
        </button>
        <button
          class="flex items-center justify-center rounded-full transition p-2 w-10 h-10 bg-gray-100 hover:bg-gray-200 text-gray-800 border border-gray-300 disabled:cursor-not-allowed disabled:opacity-50"
          disabled=""
          title="Enable audio while dragging"
          type="button"
        >
          <svg
            aria-hidden="true"
            class="lucide lucide-ear"
            fill="none"
            height="24"
            stroke="currentColor"
            stroke-linecap="round"
            stroke-linejoin="round"
            stroke-width="2"
            viewBox="0 0 24 24"
            width="24"
            xmlns="http://www.w3.org/2000/svg"
          >
            <path
              d="M6 8.5a6.5 6.5 0 1 1 13 0c0 6-6 6-6 10a3.5 3.5 0 1 1-7 0"
            />
            <path
              d="M15 8.5a2.5 2.5 0 0 0-5 0v1a2 2 0 1 1 0 4"
            />
          </svg>
        </button>
      </div>
    </section>
    <section>
      <section
        class="flex overflow-x-auto overflow-y-hidden border border-gray-300"
        style="scrollbar-width: none;"
      >
        <canvas
          height="50"
          style="display: block; width: 0px; height: 50px;"
          width="0"
        />
      </section>
      <section
        class="flex h-[200px] overflow-x-auto overflow-y-hidden border border-gray-300"
        style="scrollbar-width: none;"
      />
      <section>
        <div
          class="relative h-[100px] border border-gray-300 overflow-x-auto overflow-y-hidden"
          style="scrollbar-color: #505354 #707374; scrollbar-width: thin;"
        >
          <div
            class="relative h-[100px]"
          >
            <div
              class="absolute top-0 h-full w-[2px] bg-red-500 pointer-events-none z-10"
            />
          </div>
        </div>
      </section>
    </section>
  </section>
</div>
`;
