// Jest Snapshot v1, https://jestjs.io/docs/snapshot-testing

exports[`TimeScale matches snapshot (default) 1`] = `
<div>
  <section
    class="flex overflow-x-auto overflow-y-hidden border border-gray-300"
    style="scrollbar-width: none;"
  >
    <canvas
      height="50"
      style="display: block; width: 500px; height: 50px;"
      width="500"
    />
  </section>
</div>
`;

exports[`TimeScale matches snapshot (scrolled) 1`] = `
<div>
  <section
    class="flex overflow-x-auto overflow-y-hidden border border-gray-300"
    style="scrollbar-width: none;"
  >
    <canvas
      height="50"
      style="display: block; width: 500px; height: 50px;"
      width="500"
    />
  </section>
</div>
`;
